// Jest Snapshot v1, https://goo.gl/fbAQLP

exports[`<Challenge /> renders correctly 1`] = `
<div>
  <div
    id="challenge"
  >
    <div
      id="challengeBanner"
    >
      <div
        className="dimmer"
      />
      <div
        className="adj-week-nav prev-week"
      />
      <div
        className="adj-week-nav next-week"
      />
      <div
        className="main-content"
      >
        <img
          alt=""
          className="habit-icon"
          src=""
        />
        <div
          className="habit-name"
        >
          
        </div>
        <div
          className="week-date-info"
        >
          <span />
          ·
          <span />
          —
          <span />
        </div>
      </div>
    </div>
    <div
      className="container-fluid"
    >
      <div
        className="row"
      >
        <div
          className="challenge-section-title"
        >
          Habit Overview
        </div>
        <div
          className="challenge-section-desc"
        />
      </div>
    </div>
    <div
      className="container-fluid challenge-card"
    >
      <i
        className="mod-btn fa fa-pencil edit"
        onClick={[Function]}
      />
      <div
        className="row"
      >
        <div
          className="challenge-card-header"
        >
          <div
            className="challenge-section-title"
          >
            Challenge of the Week
          </div>
          <div
            className="points"
          >
            <img
              alt=""
              src="https://s3-us-west-1.amazonaws.com/quokkadev/images/leaf.png"
            />
            <span
              className="point-count"
            >
              
            </span>
          </div>
        </div>
        <div
          className="challenge-card-body"
        >
          <div />
        </div>
      </div>
    </div>
    <div
      className="container-fluid"
    >
      <div
        className="row"
      >
        <div
          className="challenge-section-title"
        >
          Prizes
        </div>
        <div
          className="challenge-section-desc"
        >
          Participants of this week’s challenge will earn 
          <span
            className="featured"
          >
             Quokka points
          </span>
           and be eligible for the following prizes:
        </div>
        <ul
          className="prizes"
        />
        <div
          className="new-prize-btn"
          onClick={[Function]}
        >
          Add New Prize
        </div>
        <div
          className="create-sponsor-btn"
          onClick={[Function]}
        >
          Create New Sponsor
        </div>
      </div>
    </div>
    <div
      className="container-fluid suggestions-section"
    >
      <i
        className="mod-btn fa fa-pencil edit"
        onClick={[Function]}
      />
      <div
        className="row"
      >
        <div
          className="challenge-section-title"
        >
          Need help getting started?
        </div>
        <ul
          className="suggestions-list"
        />
      </div>
    </div>
    <div
      className="container-fluid"
    >
      <div
        className="row"
      >
        <div
          className="challenge-section-title"
        >
          Check-In
        </div>
        <div
          className="challenge-section-desc"
        >
          Don't forget to submit your check-in this week by Sunday, 
          
          ! Check-ins help you earn Quokka points, provide us with feedback, and make you eligible for this week's prizes! 
          <a
            href="/check-in/week1"
          >
            Take me to my Week 
            1
             Check-In.
          </a>
        </div>
      </div>
    </div>
    <div
      className="container-fluid"
      id="extras"
    >
      <div
        className="row"
      >
        <div
          className="challenge-section-title"
        >
          Extra Info
        </div>
        <ul
          className="challenge-section-desc"
        />
        <div>
          <p>
            If circumstances prevent you from fulfilling our outlined challenges,
            
            <a
              href="https://nccih.nih.gov/health/stress/relaxation.htm"
              title={undefined}
            >
              mind-body exercises may be helpful alternatives to managing a variety of
              health conditions such as anxiety, insomnia, or other chronic pain
              symptoms
            </a>
            .
          </p>
          <p>
            The information on this site is for general purposes only and is not
            intended or implied to be a substitute for professional medical advice,
            diagnosis, or treatment. Seek advice from your health care provider for
            your personal health needs.
          </p>
        </div>
      </div>
    </div>
  </div>
  <div
    className="container-fluid challenge-invite-friends"
  >
    <div
      className="leading-contact-text"
    >
      Have friends who still want to join the Challenge?
      <br />
      Send them an invite.
    </div>
    <div
      className="row challenge-invite-friends-form"
    >
      <div
        className="email-input"
      >
        <div
          className="invalid-message"
        />
        <input
          className="form-input contact-field"
          defaultValue=""
          name="email"
          onKeyUp={[Function]}
          placeholder="Email"
          type="text"
        />
      </div>
      <button
        className="quokka-nav-button nav-right submit-desktop"
        onClick={[Function]}
      />
    </div>
    <div
      className="submit-mobile-container"
    >
      <div
        className="lg-spinner-btn submit-mobile"
      >
        <button
          onClick={[Function]}
        >
          Submit
        </button>
        <div
          className="horiz-spinner"
        >
          <div
            className="bounce1"
          />
          <div
            className="bounce2"
          />
          <div
            className="bounce3"
          />
        </div>
      </div>
    </div>
  </div>
</div>
`;
